// Jest Snapshot v1, https://goo.gl/fbAQLP

exports[`<DropDownInput /> renders correctly 1`] = `
<div
  className="MuiBox-root MuiBox-root-4 makeStyles-margin-1"
>
  <div
    className="MuiFormControl-root makeStyles-fullWidth-2"
  >
    <label
      className="MuiFormLabel-root MuiInputLabel-root MuiInputLabel-formControl MuiInputLabel-animated MuiInputLabel-shrink MuiInputLabel-filled MuiFormLabel-filled"
      data-shrink={true}
      id="dummy"
    >
      dummy
    </label>
    <div
      className="MuiInputBase-root MuiFilledInput-root MuiFilledInput-underline MuiInputBase-formControl"
      onClick={[Function]}
    >
      <div
        aria-haspopup="listbox"
        aria-labelledby="dummy"
        className="MuiSelect-root MuiSelect-select MuiSelect-selectMenu MuiSelect-filled MuiInputBase-input MuiFilledInput-input"
        onBlur={[Function]}
        onFocus={[Function]}
        onKeyDown={[Function]}
        onMouseDown={[Function]}
        role="button"
        tabIndex={0}
      >
        1
      </div>
      <input
        onAnimationStart={[Function]}
        type="hidden"
        value="a"
      />
      <svg
        aria-hidden="true"
        className="MuiSvgIcon-root MuiSelect-icon MuiSelect-iconFilled"
        focusable="false"
        viewBox="0 0 24 24"
      >
        <path
          d="M7 10l5 5 5-5z"
        />
      </svg>
    </div>
  </div>
</div>
`;
