// Jest Snapshot v1, https://goo.gl/fbAQLP

exports[`<NumberInput /> renders correctly 1`] = `
<div
  className="MuiBox-root MuiBox-root-3 makeStyles-margin-1"
>
  <p
    className="MuiTypography-root MuiTypography-body1"
  >
    dummy
  </p>
  <span
    className="MuiSlider-root MuiSlider-colorPrimary"
    onMouseDown={[Function]}
  >
    <span
      className="MuiSlider-rail"
    />
    <span
      className="MuiSlider-track"
      style={
        Object {
          "left": "0%",
          "width": "0%",
        }
      }
    />
    <input
      type="hidden"
      value="0"
    />
    <span
      aria-orientation="horizontal"
      aria-valuemax={2}
      aria-valuemin={0}
      aria-valuenow={0}
      className="MuiSlider-thumb MuiSlider-thumbColorPrimary"
      data-index={0}
      onBlur={[Function]}
      onFocus={[Function]}
      onKeyDown={[Function]}
      onMouseLeave={[Function]}
      onMouseOver={[Function]}
      role="slider"
      style={
        Object {
          "left": "0%",
        }
      }
      tabIndex={0}
    />
  </span>
</div>
`;
