// Jest Snapshot v1, https://goo.gl/fbAQLP

exports[`<ShadowedText /> renders correctly 1`] = `
<p
  className="MuiTypography-root MuiTypography-body1 MuiTypography-colorTextPrimary"
>
  <div
    className="makeStyles-text-1"
    onClick={[Function]}
  >
    dummy
  </div>
</p>
`;
