// Jest Snapshot v1, https://goo.gl/fbAQLP

exports[`<App /> renders correctly 1`] = `
Array [
  <canvas
    className="background"
    height={0}
    id="dummy"
    width={0}
  />,
  <p
    className="MuiTypography-root makeStyles-center-1 MuiTypography-body1 MuiTypography-colorTextPrimary"
  >
    <div
      className="makeStyles-text-6"
      onClick={[Function]}
    />
  </p>,
  <p
    className="MuiTypography-root makeStyles-bottomLeft-2 MuiTypography-body1 MuiTypography-colorTextPrimary"
  >
    <div
      className="makeStyles-text-37"
      onClick={[Function]}
    >
      
    </div>
  </p>,
  <p
    className="MuiTypography-root makeStyles-bottomRight-3 MuiTypography-body1 MuiTypography-colorTextPrimary"
  >
    <div
      className="makeStyles-text-38"
      onClick={[Function]}
    />
  </p>,
  <div
    className="MuiBox-root MuiBox-root-40 makeStyles-settings-4"
  >
    <button
      aria-describedby={null}
      className="MuiButtonBase-root MuiIconButton-root"
      disabled={false}
      onBlur={[Function]}
      onClick={[Function]}
      onDragLeave={[Function]}
      onFocus={[Function]}
      onKeyDown={[Function]}
      onKeyUp={[Function]}
      onMouseDown={[Function]}
      onMouseLeave={[Function]}
      onMouseOver={[Function]}
      onMouseUp={[Function]}
      onTouchEnd={[Function]}
      onTouchMove={[Function]}
      onTouchStart={[Function]}
      tabIndex={0}
      title="Settings"
      type="button"
    >
      <span
        className="MuiIconButton-label"
      >
        <svg
          aria-hidden="true"
          className="MuiSvgIcon-root"
          focusable="false"
          viewBox="0 0 24 24"
        >
          <path
            d="M15.95 10.78c.03-.25.05-.51.05-.78s-.02-.53-.06-.78l1.69-1.32c.15-.12.19-.34.1-.51l-1.6-2.77c-.1-.18-.31-.24-.49-.18l-1.99.8c-.42-.32-.86-.58-1.35-.78L12 2.34c-.03-.2-.2-.34-.4-.34H8.4c-.2 0-.36.14-.39.34l-.3 2.12c-.49.2-.94.47-1.35.78l-1.99-.8c-.18-.07-.39 0-.49.18l-1.6 2.77c-.1.18-.06.39.1.51l1.69 1.32c-.04.25-.07.52-.07.78s.02.53.06.78L2.37 12.1c-.15.12-.19.34-.1.51l1.6 2.77c.1.18.31.24.49.18l1.99-.8c.42.32.86.58 1.35.78l.3 2.12c.04.2.2.34.4.34h3.2c.2 0 .37-.14.39-.34l.3-2.12c.49-.2.94-.47 1.35-.78l1.99.8c.18.07.39 0 .49-.18l1.6-2.77c.1-.18.06-.39-.1-.51l-1.67-1.32zM10 13c-1.65 0-3-1.35-3-3s1.35-3 3-3 3 1.35 3 3-1.35 3-3 3z"
            transform="scale(1.2, 1.2)"
          />
        </svg>
      </span>
      <span
        className="MuiTouchRipple-root"
      />
    </button>
  </div>,
  <div
    className="PrivateSwipeArea-root-103 PrivateSwipeArea-anchorLeft-104"
    style={
      Object {
        "width": 20,
      }
    }
  />,
]
`;
